info: Biblia.Infrastructure.AppDatabase.AppDatabase[0]
      Banco do aplicativo inicializado no schema 5.
info: Biblia.Application.Services.InitialBibleInstallationService[0]
      Vers∆o b°blica ACF instalada.
info: Biblia.Application.Services.InitialBibleInstallationService[0]
      Vers∆o b°blica ARA instalada.
info: Biblia.Application.Services.InitialBibleInstallationService[0]
      Vers∆o b°blica ARC instalada.
info: Biblia.Application.Services.InitialBibleInstallationService[0]
      Vers∆o b°blica AS21 instalada.
info: Biblia.Application.Services.InitialBibleInstallationService[0]
      Vers∆o b°blica KJF instalada.
info: Biblia.Application.Services.InitialBibleInstallationService[0]
      Vers∆o b°blica NBV instalada.
info: Biblia.Application.Services.InitialBibleInstallationService[0]
      Vers∆o b°blica NVI instalada.
info: Biblia.Application.Services.AppInitializationService[0]
      Inicializaá∆o do aplicativo conclu°da.
info: Microsoft.Hosting.Lifetime[14]
      Now listening on: http://127.0.0.1:52611
info: Microsoft.Hosting.Lifetime[0]
      Application started. Press Ctrl+C to shut down.
info: Microsoft.Hosting.Lifetime[0]
      Hosting environment: Testing
info: Microsoft.Hosting.Lifetime[0]
      Content root path: D:\Publicacao\Biblia.Web
info: Biblia.Application.Services.BibleVersionImportService[0]
      Vers∆o b°blica importada: QAFINAL23.
info: Biblia.Infrastructure.Files.BackupService[0]
      Backup completo criado: D:\Projetos\Biblia.Web\tmp\integrated-published-final\backups\bibliatema-20260907201238515-8b6b72840a8049f2a50942637a580d97.zip, 8 vers‰es
info: Biblia.Infrastructure.Files.BackupService[0]
      Backup completo criado: D:\Projetos\Biblia.Web\tmp\integrated-published-final\backups\bibliatema-20260907201332735-3ef9945bf4af4295a502781e5149db69.zip, 8 vers‰es
info: Biblia.Infrastructure.AppDatabase.AppDatabase[0]
      Banco do aplicativo inicializado no schema 5.
info: Biblia.Infrastructure.Files.BackupService[0]
      Restauraá∆o confirmada; backup de seguranáa D:\Projetos\Biblia.Web\tmp\integrated-published-final\backups\bibliatema-20260907201332735-3ef9945bf4af4295a502781e5149db69.zip; formato 2. Arquivos anteriores preservados para recuperaá∆o.
